2026-07-17 15:25:03,127 ERROR frappe Unable to load translations
Site: dev.localhost
Form Dict: {}
Traceback (most recent call last):
  File "/workspace/development/frappe-bench/apps/frappe/frappe/translate.py", line 164, in get_all_translations
    return frappe.cache.hget(MERGED_TRANSLATION_KEY, lang, generator=_merge_translations)
           ^^^^^^^^^^^^^^^^^^^^^^^^^^^^^^^^^^^^^^^^^^^^^^^^^^^^^^^^^^^^^^^^^^^^^^^^^^^^^^
  File "/workspace/development/frappe-bench/apps/frappe/frappe/utils/redis_wrapper.py", line 241, in hget
    value = generator()
            ^^^^^^^^^^^
  File "/workspace/development/frappe-bench/apps/frappe/frappe/translate.py", line 152, in _merge_translations
    all_translations.update(get_translations_from_apps(lang))
                            ^^^^^^^^^^^^^^^^^^^^^^^^^^^^^^^^
  File "/workspace/development/frappe-bench/apps/frappe/frappe/translate.py", line 179, in get_translations_from_apps
    from frappe.gettext.translate import get_translations_from_mo
  File "/workspace/development/frappe-bench/apps/frappe/frappe/gettext/translate.py", line 9, in <module>
    from babel.messages.catalog import Catalog
ModuleNotFoundError: No module named 'babel.messages'
2026-07-17 15:25:03,400 ERROR frappe Unable to load translations
Site: dev.localhost
Form Dict: {}
Traceback (most recent call last):
  File "/workspace/development/frappe-bench/apps/frappe/frappe/translate.py", line 164, in get_all_translations
    return frappe.cache.hget(MERGED_TRANSLATION_KEY, lang, generator=_merge_translations)
           ^^^^^^^^^^^^^^^^^^^^^^^^^^^^^^^^^^^^^^^^^^^^^^^^^^^^^^^^^^^^^^^^^^^^^^^^^^^^^^
  File "/workspace/development/frappe-bench/apps/frappe/frappe/utils/redis_wrapper.py", line 241, in hget
    value = generator()
            ^^^^^^^^^^^
  File "/workspace/development/frappe-bench/apps/frappe/frappe/translate.py", line 152, in _merge_translations
    all_translations.update(get_translations_from_apps(lang))
                            ^^^^^^^^^^^^^^^^^^^^^^^^^^^^^^^^
  File "/workspace/development/frappe-bench/apps/frappe/frappe/translate.py", line 179, in get_translations_from_apps
    from frappe.gettext.translate import get_translations_from_mo
  File "/workspace/development/frappe-bench/apps/frappe/frappe/gettext/translate.py", line 9, in <module>
    from babel.messages.catalog import Catalog
ModuleNotFoundError: No module named 'babel.messages'
2026-07-17 15:25:03,406 ERROR frappe Unable to load translations
Site: dev.localhost
Form Dict: {}
Traceback (most recent call last):
  File "/workspace/development/frappe-bench/apps/frappe/frappe/translate.py", line 164, in get_all_translations
    return frappe.cache.hget(MERGED_TRANSLATION_KEY, lang, generator=_merge_translations)
           ^^^^^^^^^^^^^^^^^^^^^^^^^^^^^^^^^^^^^^^^^^^^^^^^^^^^^^^^^^^^^^^^^^^^^^^^^^^^^^
  File "/workspace/development/frappe-bench/apps/frappe/frappe/utils/redis_wrapper.py", line 241, in hget
    value = generator()
            ^^^^^^^^^^^
  File "/workspace/development/frappe-bench/apps/frappe/frappe/translate.py", line 152, in _merge_translations
    all_translations.update(get_translations_from_apps(lang))
                            ^^^^^^^^^^^^^^^^^^^^^^^^^^^^^^^^
  File "/workspace/development/frappe-bench/apps/frappe/frappe/translate.py", line 179, in get_translations_from_apps
    from frappe.gettext.translate import get_translations_from_mo
  File "/workspace/development/frappe-bench/apps/frappe/frappe/gettext/translate.py", line 9, in <module>
    from babel.messages.catalog import Catalog
ModuleNotFoundError: No module named 'babel.messages'
2026-07-17 15:25:03,531 ERROR frappe Unable to load translations
Site: dev.localhost
Form Dict: {}
Traceback (most recent call last):
  File "/workspace/development/frappe-bench/apps/frappe/frappe/translate.py", line 164, in get_all_translations
    return frappe.cache.hget(MERGED_TRANSLATION_KEY, lang, generator=_merge_translations)
           ^^^^^^^^^^^^^^^^^^^^^^^^^^^^^^^^^^^^^^^^^^^^^^^^^^^^^^^^^^^^^^^^^^^^^^^^^^^^^^
  File "/workspace/development/frappe-bench/apps/frappe/frappe/utils/redis_wrapper.py", line 241, in hget
    value = generator()
            ^^^^^^^^^^^
  File "/workspace/development/frappe-bench/apps/frappe/frappe/translate.py", line 152, in _merge_translations
    all_translations.update(get_translations_from_apps(lang))
                            ^^^^^^^^^^^^^^^^^^^^^^^^^^^^^^^^
  File "/workspace/development/frappe-bench/apps/frappe/frappe/translate.py", line 179, in get_translations_from_apps
    from frappe.gettext.translate import get_translations_from_mo
  File "/workspace/development/frappe-bench/apps/frappe/frappe/gettext/translate.py", line 9, in <module>
    from babel.messages.catalog import Catalog
ModuleNotFoundError: No module named 'babel.messages'
2026-07-17 15:25:03,537 ERROR frappe Unable to load translations
Site: dev.localhost
Form Dict: {}
Traceback (most recent call last):
  File "/workspace/development/frappe-bench/apps/frappe/frappe/translate.py", line 164, in get_all_translations
    return frappe.cache.hget(MERGED_TRANSLATION_KEY, lang, generator=_merge_translations)
           ^^^^^^^^^^^^^^^^^^^^^^^^^^^^^^^^^^^^^^^^^^^^^^^^^^^^^^^^^^^^^^^^^^^^^^^^^^^^^^
  File "/workspace/development/frappe-bench/apps/frappe/frappe/utils/redis_wrapper.py", line 241, in hget
    value = generator()
            ^^^^^^^^^^^
  File "/workspace/development/frappe-bench/apps/frappe/frappe/translate.py", line 152, in _merge_translations
    all_translations.update(get_translations_from_apps(lang))
                            ^^^^^^^^^^^^^^^^^^^^^^^^^^^^^^^^
  File "/workspace/development/frappe-bench/apps/frappe/frappe/translate.py", line 179, in get_translations_from_apps
    from frappe.gettext.translate import get_translations_from_mo
  File "/workspace/development/frappe-bench/apps/frappe/frappe/gettext/translate.py", line 9, in <module>
    from babel.messages.catalog import Catalog
ModuleNotFoundError: No module named 'babel.messages'
2026-07-17 15:25:03,544 ERROR frappe Unable to load translations
Site: dev.localhost
Form Dict: {}
Traceback (most recent call last):
  File "/workspace/development/frappe-bench/apps/frappe/frappe/translate.py", line 164, in get_all_translations
    return frappe.cache.hget(MERGED_TRANSLATION_KEY, lang, generator=_merge_translations)
           ^^^^^^^^^^^^^^^^^^^^^^^^^^^^^^^^^^^^^^^^^^^^^^^^^^^^^^^^^^^^^^^^^^^^^^^^^^^^^^
  File "/workspace/development/frappe-bench/apps/frappe/frappe/utils/redis_wrapper.py", line 241, in hget
    value = generator()
            ^^^^^^^^^^^
  File "/workspace/development/frappe-bench/apps/frappe/frappe/translate.py", line 152, in _merge_translations
    all_translations.update(get_translations_from_apps(lang))
                            ^^^^^^^^^^^^^^^^^^^^^^^^^^^^^^^^
  File "/workspace/development/frappe-bench/apps/frappe/frappe/translate.py", line 179, in get_translations_from_apps
    from frappe.gettext.translate import get_translations_from_mo
  File "/workspace/development/frappe-bench/apps/frappe/frappe/gettext/translate.py", line 9, in <module>
    from babel.messages.catalog import Catalog
ModuleNotFoundError: No module named 'babel.messages'
2026-07-17 15:25:03,630 ERROR frappe Unable to load translations
Site: dev.localhost
Form Dict: {}
Traceback (most recent call last):
  File "/workspace/development/frappe-bench/apps/frappe/frappe/translate.py", line 164, in get_all_translations
    return frappe.cache.hget(MERGED_TRANSLATION_KEY, lang, generator=_merge_translations)
           ^^^^^^^^^^^^^^^^^^^^^^^^^^^^^^^^^^^^^^^^^^^^^^^^^^^^^^^^^^^^^^^^^^^^^^^^^^^^^^
  File "/workspace/development/frappe-bench/apps/frappe/frappe/utils/redis_wrapper.py", line 241, in hget
    value = generator()
            ^^^^^^^^^^^
  File "/workspace/development/frappe-bench/apps/frappe/frappe/translate.py", line 152, in _merge_translations
    all_translations.update(get_translations_from_apps(lang))
                            ^^^^^^^^^^^^^^^^^^^^^^^^^^^^^^^^
  File "/workspace/development/frappe-bench/apps/frappe/frappe/translate.py", line 179, in get_translations_from_apps
    from frappe.gettext.translate import get_translations_from_mo
  File "/workspace/development/frappe-bench/apps/frappe/frappe/gettext/translate.py", line 9, in <module>
    from babel.messages.catalog import Catalog
ModuleNotFoundError: No module named 'babel.messages'
2026-07-17 15:25:03,638 ERROR frappe Unable to load translations
Site: dev.localhost
Form Dict: {}
Traceback (most recent call last):
  File "/workspace/development/frappe-bench/apps/frappe/frappe/translate.py", line 164, in get_all_translations
    return frappe.cache.hget(MERGED_TRANSLATION_KEY, lang, generator=_merge_translations)
           ^^^^^^^^^^^^^^^^^^^^^^^^^^^^^^^^^^^^^^^^^^^^^^^^^^^^^^^^^^^^^^^^^^^^^^^^^^^^^^
  File "/workspace/development/frappe-bench/apps/frappe/frappe/utils/redis_wrapper.py", line 241, in hget
    value = generator()
            ^^^^^^^^^^^
  File "/workspace/development/frappe-bench/apps/frappe/frappe/translate.py", line 152, in _merge_translations
    all_translations.update(get_translations_from_apps(lang))
                            ^^^^^^^^^^^^^^^^^^^^^^^^^^^^^^^^
  File "/workspace/development/frappe-bench/apps/frappe/frappe/translate.py", line 179, in get_translations_from_apps
    from frappe.gettext.translate import get_translations_from_mo
  File "/workspace/development/frappe-bench/apps/frappe/frappe/gettext/translate.py", line 9, in <module>
    from babel.messages.catalog import Catalog
ModuleNotFoundError: No module named 'babel.messages'
2026-07-17 15:25:03,644 ERROR frappe Unable to load translations
Site: dev.localhost
Form Dict: {}
Traceback (most recent call last):
  File "/workspace/development/frappe-bench/apps/frappe/frappe/translate.py", line 164, in get_all_translations
    return frappe.cache.hget(MERGED_TRANSLATION_KEY, lang, generator=_merge_translations)
           ^^^^^^^^^^^^^^^^^^^^^^^^^^^^^^^^^^^^^^^^^^^^^^^^^^^^^^^^^^^^^^^^^^^^^^^^^^^^^^
  File "/workspace/development/frappe-bench/apps/frappe/frappe/utils/redis_wrapper.py", line 241, in hget
    value = generator()
            ^^^^^^^^^^^
  File "/workspace/development/frappe-bench/apps/frappe/frappe/translate.py", line 152, in _merge_translations
    all_translations.update(get_translations_from_apps(lang))
                            ^^^^^^^^^^^^^^^^^^^^^^^^^^^^^^^^
  File "/workspace/development/frappe-bench/apps/frappe/frappe/translate.py", line 179, in get_translations_from_apps
    from frappe.gettext.translate import get_translations_from_mo
  File "/workspace/development/frappe-bench/apps/frappe/frappe/gettext/translate.py", line 9, in <module>
    from babel.messages.catalog import Catalog
ModuleNotFoundError: No module named 'babel.messages'
2026-07-17 15:25:03,774 ERROR frappe Unable to load translations
Site: dev.localhost
Form Dict: {}
Traceback (most recent call last):
  File "/workspace/development/frappe-bench/apps/frappe/frappe/translate.py", line 164, in get_all_translations
    return frappe.cache.hget(MERGED_TRANSLATION_KEY, lang, generator=_merge_translations)
           ^^^^^^^^^^^^^^^^^^^^^^^^^^^^^^^^^^^^^^^^^^^^^^^^^^^^^^^^^^^^^^^^^^^^^^^^^^^^^^
  File "/workspace/development/frappe-bench/apps/frappe/frappe/utils/redis_wrapper.py", line 241, in hget
    value = generator()
            ^^^^^^^^^^^
  File "/workspace/development/frappe-bench/apps/frappe/frappe/translate.py", line 152, in _merge_translations
    all_translations.update(get_translations_from_apps(lang))
                            ^^^^^^^^^^^^^^^^^^^^^^^^^^^^^^^^
  File "/workspace/development/frappe-bench/apps/frappe/frappe/translate.py", line 179, in get_translations_from_apps
    from frappe.gettext.translate import get_translations_from_mo
  File "/workspace/development/frappe-bench/apps/frappe/frappe/gettext/translate.py", line 9, in <module>
    from babel.messages.catalog import Catalog
ModuleNotFoundError: No module named 'babel.messages'
2026-07-17 15:25:03,781 ERROR frappe Unable to load translations
Site: dev.localhost
Form Dict: {}
Traceback (most recent call last):
  File "/workspace/development/frappe-bench/apps/frappe/frappe/translate.py", line 164, in get_all_translations
    return frappe.cache.hget(MERGED_TRANSLATION_KEY, lang, generator=_merge_translations)
           ^^^^^^^^^^^^^^^^^^^^^^^^^^^^^^^^^^^^^^^^^^^^^^^^^^^^^^^^^^^^^^^^^^^^^^^^^^^^^^
  File "/workspace/development/frappe-bench/apps/frappe/frappe/utils/redis_wrapper.py", line 241, in hget
    value = generator()
            ^^^^^^^^^^^
  File "/workspace/development/frappe-bench/apps/frappe/frappe/translate.py", line 152, in _merge_translations
    all_translations.update(get_translations_from_apps(lang))
                            ^^^^^^^^^^^^^^^^^^^^^^^^^^^^^^^^
  File "/workspace/development/frappe-bench/apps/frappe/frappe/translate.py", line 179, in get_translations_from_apps
    from frappe.gettext.translate import get_translations_from_mo
  File "/workspace/development/frappe-bench/apps/frappe/frappe/gettext/translate.py", line 9, in <module>
    from babel.messages.catalog import Catalog
ModuleNotFoundError: No module named 'babel.messages'
2026-07-17 15:25:03,788 ERROR frappe Unable to load translations
Site: dev.localhost
Form Dict: {}
Traceback (most recent call last):
  File "/workspace/development/frappe-bench/apps/frappe/frappe/translate.py", line 164, in get_all_translations
    return frappe.cache.hget(MERGED_TRANSLATION_KEY, lang, generator=_merge_translations)
           ^^^^^^^^^^^^^^^^^^^^^^^^^^^^^^^^^^^^^^^^^^^^^^^^^^^^^^^^^^^^^^^^^^^^^^^^^^^^^^
  File "/workspace/development/frappe-bench/apps/frappe/frappe/utils/redis_wrapper.py", line 241, in hget
    value = generator()
            ^^^^^^^^^^^
  File "/workspace/development/frappe-bench/apps/frappe/frappe/translate.py", line 152, in _merge_translations
    all_translations.update(get_translations_from_apps(lang))
                            ^^^^^^^^^^^^^^^^^^^^^^^^^^^^^^^^
  File "/workspace/development/frappe-bench/apps/frappe/frappe/translate.py", line 179, in get_translations_from_apps
    from frappe.gettext.translate import get_translations_from_mo
  File "/workspace/development/frappe-bench/apps/frappe/frappe/gettext/translate.py", line 9, in <module>
    from babel.messages.catalog import Catalog
ModuleNotFoundError: No module named 'babel.messages'
2026-07-17 15:25:03,871 ERROR frappe Unable to load translations
Site: dev.localhost
Form Dict: {}
Traceback (most recent call last):
  File "/workspace/development/frappe-bench/apps/frappe/frappe/translate.py", line 164, in get_all_translations
    return frappe.cache.hget(MERGED_TRANSLATION_KEY, lang, generator=_merge_translations)
           ^^^^^^^^^^^^^^^^^^^^^^^^^^^^^^^^^^^^^^^^^^^^^^^^^^^^^^^^^^^^^^^^^^^^^^^^^^^^^^
  File "/workspace/development/frappe-bench/apps/frappe/frappe/utils/redis_wrapper.py", line 241, in hget
    value = generator()
            ^^^^^^^^^^^
  File "/workspace/development/frappe-bench/apps/frappe/frappe/translate.py", line 152, in _merge_translations
    all_translations.update(get_translations_from_apps(lang))
                            ^^^^^^^^^^^^^^^^^^^^^^^^^^^^^^^^
  File "/workspace/development/frappe-bench/apps/frappe/frappe/translate.py", line 179, in get_translations_from_apps
    from frappe.gettext.translate import get_translations_from_mo
  File "/workspace/development/frappe-bench/apps/frappe/frappe/gettext/translate.py", line 9, in <module>
    from babel.messages.catalog import Catalog
ModuleNotFoundError: No module named 'babel.messages'
2026-07-17 15:25:03,878 ERROR frappe Unable to load translations
Site: dev.localhost
Form Dict: {}
Traceback (most recent call last):
  File "/workspace/development/frappe-bench/apps/frappe/frappe/translate.py", line 164, in get_all_translations
    return frappe.cache.hget(MERGED_TRANSLATION_KEY, lang, generator=_merge_translations)
           ^^^^^^^^^^^^^^^^^^^^^^^^^^^^^^^^^^^^^^^^^^^^^^^^^^^^^^^^^^^^^^^^^^^^^^^^^^^^^^
  File "/workspace/development/frappe-bench/apps/frappe/frappe/utils/redis_wrapper.py", line 241, in hget
    value = generator()
            ^^^^^^^^^^^
  File "/workspace/development/frappe-bench/apps/frappe/frappe/translate.py", line 152, in _merge_translations
    all_translations.update(get_translations_from_apps(lang))
                            ^^^^^^^^^^^^^^^^^^^^^^^^^^^^^^^^
  File "/workspace/development/frappe-bench/apps/frappe/frappe/translate.py", line 179, in get_translations_from_apps
    from frappe.gettext.translate import get_translations_from_mo
  File "/workspace/development/frappe-bench/apps/frappe/frappe/gettext/translate.py", line 9, in <module>
    from babel.messages.catalog import Catalog
ModuleNotFoundError: No module named 'babel.messages'
2026-07-17 15:25:03,884 ERROR frappe Unable to load translations
Site: dev.localhost
Form Dict: {}
Traceback (most recent call last):
  File "/workspace/development/frappe-bench/apps/frappe/frappe/translate.py", line 164, in get_all_translations
    return frappe.cache.hget(MERGED_TRANSLATION_KEY, lang, generator=_merge_translations)
           ^^^^^^^^^^^^^^^^^^^^^^^^^^^^^^^^^^^^^^^^^^^^^^^^^^^^^^^^^^^^^^^^^^^^^^^^^^^^^^
  File "/workspace/development/frappe-bench/apps/frappe/frappe/utils/redis_wrapper.py", line 241, in hget
    value = generator()
            ^^^^^^^^^^^
  File "/workspace/development/frappe-bench/apps/frappe/frappe/translate.py", line 152, in _merge_translations
    all_translations.update(get_translations_from_apps(lang))
                            ^^^^^^^^^^^^^^^^^^^^^^^^^^^^^^^^
  File "/workspace/development/frappe-bench/apps/frappe/frappe/translate.py", line 179, in get_translations_from_apps
    from frappe.gettext.translate import get_translations_from_mo
  File "/workspace/development/frappe-bench/apps/frappe/frappe/gettext/translate.py", line 9, in <module>
    from babel.messages.catalog import Catalog
ModuleNotFoundError: No module named 'babel.messages'
2026-07-17 15:25:04,153 ERROR frappe Unable to load translations
Site: dev.localhost
Form Dict: {}
Traceback (most recent call last):
  File "/workspace/development/frappe-bench/apps/frappe/frappe/translate.py", line 164, in get_all_translations
    return frappe.cache.hget(MERGED_TRANSLATION_KEY, lang, generator=_merge_translations)
           ^^^^^^^^^^^^^^^^^^^^^^^^^^^^^^^^^^^^^^^^^^^^^^^^^^^^^^^^^^^^^^^^^^^^^^^^^^^^^^
  File "/workspace/development/frappe-bench/apps/frappe/frappe/utils/redis_wrapper.py", line 241, in hget
    value = generator()
            ^^^^^^^^^^^
  File "/workspace/development/frappe-bench/apps/frappe/frappe/translate.py", line 152, in _merge_translations
    all_translations.update(get_translations_from_apps(lang))
                            ^^^^^^^^^^^^^^^^^^^^^^^^^^^^^^^^
  File "/workspace/development/frappe-bench/apps/frappe/frappe/translate.py", line 179, in get_translations_from_apps
    from frappe.gettext.translate import get_translations_from_mo
  File "/workspace/development/frappe-bench/apps/frappe/frappe/gettext/translate.py", line 9, in <module>
    from babel.messages.catalog import Catalog
ModuleNotFoundError: No module named 'babel.messages'
2026-07-17 15:25:04,161 ERROR frappe Unable to load translations
Site: dev.localhost
Form Dict: {}
Traceback (most recent call last):
  File "/workspace/development/frappe-bench/apps/frappe/frappe/translate.py", line 164, in get_all_translations
    return frappe.cache.hget(MERGED_TRANSLATION_KEY, lang, generator=_merge_translations)
           ^^^^^^^^^^^^^^^^^^^^^^^^^^^^^^^^^^^^^^^^^^^^^^^^^^^^^^^^^^^^^^^^^^^^^^^^^^^^^^
  File "/workspace/development/frappe-bench/apps/frappe/frappe/utils/redis_wrapper.py", line 241, in hget
    value = generator()
            ^^^^^^^^^^^
  File "/workspace/development/frappe-bench/apps/frappe/frappe/translate.py", line 152, in _merge_translations
    all_translations.update(get_translations_from_apps(lang))
                            ^^^^^^^^^^^^^^^^^^^^^^^^^^^^^^^^
  File "/workspace/development/frappe-bench/apps/frappe/frappe/translate.py", line 179, in get_translations_from_apps
    from frappe.gettext.translate import get_translations_from_mo
  File "/workspace/development/frappe-bench/apps/frappe/frappe/gettext/translate.py", line 9, in <module>
    from babel.messages.catalog import Catalog
ModuleNotFoundError: No module named 'babel.messages'
2026-07-17 15:25:04,168 ERROR frappe Unable to load translations
Site: dev.localhost
Form Dict: {}
Traceback (most recent call last):
  File "/workspace/development/frappe-bench/apps/frappe/frappe/translate.py", line 164, in get_all_translations
    return frappe.cache.hget(MERGED_TRANSLATION_KEY, lang, generator=_merge_translations)
           ^^^^^^^^^^^^^^^^^^^^^^^^^^^^^^^^^^^^^^^^^^^^^^^^^^^^^^^^^^^^^^^^^^^^^^^^^^^^^^
  File "/workspace/development/frappe-bench/apps/frappe/frappe/utils/redis_wrapper.py", line 241, in hget
    value = generator()
            ^^^^^^^^^^^
  File "/workspace/development/frappe-bench/apps/frappe/frappe/translate.py", line 152, in _merge_translations
    all_translations.update(get_translations_from_apps(lang))
                            ^^^^^^^^^^^^^^^^^^^^^^^^^^^^^^^^
  File "/workspace/development/frappe-bench/apps/frappe/frappe/translate.py", line 179, in get_translations_from_apps
    from frappe.gettext.translate import get_translations_from_mo
  File "/workspace/development/frappe-bench/apps/frappe/frappe/gettext/translate.py", line 9, in <module>
    from babel.messages.catalog import Catalog
ModuleNotFoundError: No module named 'babel.messages'
2026-07-17 15:25:04,346 ERROR frappe Unable to load translations
Site: dev.localhost
Form Dict: {}
Traceback (most recent call last):
  File "/workspace/development/frappe-bench/apps/frappe/frappe/translate.py", line 164, in get_all_translations
    return frappe.cache.hget(MERGED_TRANSLATION_KEY, lang, generator=_merge_translations)
           ^^^^^^^^^^^^^^^^^^^^^^^^^^^^^^^^^^^^^^^^^^^^^^^^^^^^^^^^^^^^^^^^^^^^^^^^^^^^^^
  File "/workspace/development/frappe-bench/apps/frappe/frappe/utils/redis_wrapper.py", line 241, in hget
    value = generator()
            ^^^^^^^^^^^
  File "/workspace/development/frappe-bench/apps/frappe/frappe/translate.py", line 152, in _merge_translations
    all_translations.update(get_translations_from_apps(lang))
                            ^^^^^^^^^^^^^^^^^^^^^^^^^^^^^^^^
  File "/workspace/development/frappe-bench/apps/frappe/frappe/translate.py", line 179, in get_translations_from_apps
    from frappe.gettext.translate import get_translations_from_mo
  File "/workspace/development/frappe-bench/apps/frappe/frappe/gettext/translate.py", line 9, in <module>
    from babel.messages.catalog import Catalog
ModuleNotFoundError: No module named 'babel.messages'
2026-07-17 15:25:04,352 ERROR frappe Unable to load translations
Site: dev.localhost
Form Dict: {}
Traceback (most recent call last):
  File "/workspace/development/frappe-bench/apps/frappe/frappe/translate.py", line 164, in get_all_translations
    return frappe.cache.hget(MERGED_TRANSLATION_KEY, lang, generator=_merge_translations)
           ^^^^^^^^^^^^^^^^^^^^^^^^^^^^^^^^^^^^^^^^^^^^^^^^^^^^^^^^^^^^^^^^^^^^^^^^^^^^^^
  File "/workspace/development/frappe-bench/apps/frappe/frappe/utils/redis_wrapper.py", line 241, in hget
    value = generator()
            ^^^^^^^^^^^
  File "/workspace/development/frappe-bench/apps/frappe/frappe/translate.py", line 152, in _merge_translations
    all_translations.update(get_translations_from_apps(lang))
                            ^^^^^^^^^^^^^^^^^^^^^^^^^^^^^^^^
  File "/workspace/development/frappe-bench/apps/frappe/frappe/translate.py", line 179, in get_translations_from_apps
    from frappe.gettext.translate import get_translations_from_mo
  File "/workspace/development/frappe-bench/apps/frappe/frappe/gettext/translate.py", line 9, in <module>
    from babel.messages.catalog import Catalog
ModuleNotFoundError: No module named 'babel.messages'
2026-07-17 15:25:04,358 ERROR frappe Unable to load translations
Site: dev.localhost
Form Dict: {}
Traceback (most recent call last):
  File "/workspace/development/frappe-bench/apps/frappe/frappe/translate.py", line 164, in get_all_translations
    return frappe.cache.hget(MERGED_TRANSLATION_KEY, lang, generator=_merge_translations)
           ^^^^^^^^^^^^^^^^^^^^^^^^^^^^^^^^^^^^^^^^^^^^^^^^^^^^^^^^^^^^^^^^^^^^^^^^^^^^^^
  File "/workspace/development/frappe-bench/apps/frappe/frappe/utils/redis_wrapper.py", line 241, in hget
    value = generator()
            ^^^^^^^^^^^
  File "/workspace/development/frappe-bench/apps/frappe/frappe/translate.py", line 152, in _merge_translations
    all_translations.update(get_translations_from_apps(lang))
                            ^^^^^^^^^^^^^^^^^^^^^^^^^^^^^^^^
  File "/workspace/development/frappe-bench/apps/frappe/frappe/translate.py", line 179, in get_translations_from_apps
    from frappe.gettext.translate import get_translations_from_mo
  File "/workspace/development/frappe-bench/apps/frappe/frappe/gettext/translate.py", line 9, in <module>
    from babel.messages.catalog import Catalog
ModuleNotFoundError: No module named 'babel.messages'
2026-07-17 15:25:44,818 ERROR frappe Unable to load translations
Site: dev.localhost
Form Dict: {}
Traceback (most recent call last):
  File "/workspace/development/frappe-bench/apps/frappe/frappe/translate.py", line 164, in get_all_translations
    return frappe.cache.hget(MERGED_TRANSLATION_KEY, lang, generator=_merge_translations)
           ^^^^^^^^^^^^^^^^^^^^^^^^^^^^^^^^^^^^^^^^^^^^^^^^^^^^^^^^^^^^^^^^^^^^^^^^^^^^^^
  File "/workspace/development/frappe-bench/apps/frappe/frappe/utils/redis_wrapper.py", line 241, in hget
    value = generator()
            ^^^^^^^^^^^
  File "/workspace/development/frappe-bench/apps/frappe/frappe/translate.py", line 152, in _merge_translations
    all_translations.update(get_translations_from_apps(lang))
                            ^^^^^^^^^^^^^^^^^^^^^^^^^^^^^^^^
  File "/workspace/development/frappe-bench/apps/frappe/frappe/translate.py", line 179, in get_translations_from_apps
    from frappe.gettext.translate import get_translations_from_mo
  File "/workspace/development/frappe-bench/apps/frappe/frappe/gettext/translate.py", line 9, in <module>
    from babel.messages.catalog import Catalog
ModuleNotFoundError: No module named 'babel.messages'
2026-07-17 15:25:44,825 ERROR frappe Unable to load translations
Site: dev.localhost
Form Dict: {}
Traceback (most recent call last):
  File "/workspace/development/frappe-bench/apps/frappe/frappe/translate.py", line 164, in get_all_translations
    return frappe.cache.hget(MERGED_TRANSLATION_KEY, lang, generator=_merge_translations)
           ^^^^^^^^^^^^^^^^^^^^^^^^^^^^^^^^^^^^^^^^^^^^^^^^^^^^^^^^^^^^^^^^^^^^^^^^^^^^^^
  File "/workspace/development/frappe-bench/apps/frappe/frappe/utils/redis_wrapper.py", line 241, in hget
    value = generator()
            ^^^^^^^^^^^
  File "/workspace/development/frappe-bench/apps/frappe/frappe/translate.py", line 152, in _merge_translations
    all_translations.update(get_translations_from_apps(lang))
                            ^^^^^^^^^^^^^^^^^^^^^^^^^^^^^^^^
  File "/workspace/development/frappe-bench/apps/frappe/frappe/translate.py", line 179, in get_translations_from_apps
    from frappe.gettext.translate import get_translations_from_mo
  File "/workspace/development/frappe-bench/apps/frappe/frappe/gettext/translate.py", line 9, in <module>
    from babel.messages.catalog import Catalog
ModuleNotFoundError: No module named 'babel.messages'
2026-07-17 15:25:44,834 ERROR frappe Unable to load translations
Site: dev.localhost
Form Dict: {}
Traceback (most recent call last):
  File "/workspace/development/frappe-bench/apps/frappe/frappe/translate.py", line 164, in get_all_translations
    return frappe.cache.hget(MERGED_TRANSLATION_KEY, lang, generator=_merge_translations)
           ^^^^^^^^^^^^^^^^^^^^^^^^^^^^^^^^^^^^^^^^^^^^^^^^^^^^^^^^^^^^^^^^^^^^^^^^^^^^^^
  File "/workspace/development/frappe-bench/apps/frappe/frappe/utils/redis_wrapper.py", line 241, in hget
    value = generator()
            ^^^^^^^^^^^
  File "/workspace/development/frappe-bench/apps/frappe/frappe/translate.py", line 152, in _merge_translations
    all_translations.update(get_translations_from_apps(lang))
                            ^^^^^^^^^^^^^^^^^^^^^^^^^^^^^^^^
  File "/workspace/development/frappe-bench/apps/frappe/frappe/translate.py", line 179, in get_translations_from_apps
    from frappe.gettext.translate import get_translations_from_mo
  File "/workspace/development/frappe-bench/apps/frappe/frappe/gettext/translate.py", line 9, in <module>
    from babel.messages.catalog import Catalog
ModuleNotFoundError: No module named 'babel.messages'
2026-07-17 15:25:44,920 ERROR frappe Unable to load translations
Site: dev.localhost
Form Dict: {}
Traceback (most recent call last):
  File "/workspace/development/frappe-bench/apps/frappe/frappe/translate.py", line 164, in get_all_translations
    return frappe.cache.hget(MERGED_TRANSLATION_KEY, lang, generator=_merge_translations)
           ^^^^^^^^^^^^^^^^^^^^^^^^^^^^^^^^^^^^^^^^^^^^^^^^^^^^^^^^^^^^^^^^^^^^^^^^^^^^^^
  File "/workspace/development/frappe-bench/apps/frappe/frappe/utils/redis_wrapper.py", line 241, in hget
    value = generator()
            ^^^^^^^^^^^
  File "/workspace/development/frappe-bench/apps/frappe/frappe/translate.py", line 152, in _merge_translations
    all_translations.update(get_translations_from_apps(lang))
                            ^^^^^^^^^^^^^^^^^^^^^^^^^^^^^^^^
  File "/workspace/development/frappe-bench/apps/frappe/frappe/translate.py", line 179, in get_translations_from_apps
    from frappe.gettext.translate import get_translations_from_mo
  File "/workspace/development/frappe-bench/apps/frappe/frappe/gettext/translate.py", line 9, in <module>
    from babel.messages.catalog import Catalog
ModuleNotFoundError: No module named 'babel.messages'
2026-07-17 15:25:44,926 ERROR frappe Unable to load translations
Site: dev.localhost
Form Dict: {}
Traceback (most recent call last):
  File "/workspace/development/frappe-bench/apps/frappe/frappe/translate.py", line 164, in get_all_translations
    return frappe.cache.hget(MERGED_TRANSLATION_KEY, lang, generator=_merge_translations)
           ^^^^^^^^^^^^^^^^^^^^^^^^^^^^^^^^^^^^^^^^^^^^^^^^^^^^^^^^^^^^^^^^^^^^^^^^^^^^^^
  File "/workspace/development/frappe-bench/apps/frappe/frappe/utils/redis_wrapper.py", line 241, in hget
    value = generator()
            ^^^^^^^^^^^
  File "/workspace/development/frappe-bench/apps/frappe/frappe/translate.py", line 152, in _merge_translations
    all_translations.update(get_translations_from_apps(lang))
                            ^^^^^^^^^^^^^^^^^^^^^^^^^^^^^^^^
  File "/workspace/development/frappe-bench/apps/frappe/frappe/translate.py", line 179, in get_translations_from_apps
    from frappe.gettext.translate import get_translations_from_mo
  File "/workspace/development/frappe-bench/apps/frappe/frappe/gettext/translate.py", line 9, in <module>
    from babel.messages.catalog import Catalog
ModuleNotFoundError: No module named 'babel.messages'
2026-07-17 15:25:44,932 ERROR frappe Unable to load translations
Site: dev.localhost
Form Dict: {}
Traceback (most recent call last):
  File "/workspace/development/frappe-bench/apps/frappe/frappe/translate.py", line 164, in get_all_translations
    return frappe.cache.hget(MERGED_TRANSLATION_KEY, lang, generator=_merge_translations)
           ^^^^^^^^^^^^^^^^^^^^^^^^^^^^^^^^^^^^^^^^^^^^^^^^^^^^^^^^^^^^^^^^^^^^^^^^^^^^^^
  File "/workspace/development/frappe-bench/apps/frappe/frappe/utils/redis_wrapper.py", line 241, in hget
    value = generator()
            ^^^^^^^^^^^
  File "/workspace/development/frappe-bench/apps/frappe/frappe/translate.py", line 152, in _merge_translations
    all_translations.update(get_translations_from_apps(lang))
                            ^^^^^^^^^^^^^^^^^^^^^^^^^^^^^^^^
  File "/workspace/development/frappe-bench/apps/frappe/frappe/translate.py", line 179, in get_translations_from_apps
    from frappe.gettext.translate import get_translations_from_mo
  File "/workspace/development/frappe-bench/apps/frappe/frappe/gettext/translate.py", line 9, in <module>
    from babel.messages.catalog import Catalog
ModuleNotFoundError: No module named 'babel.messages'
